V3 3
FL "C:/Users/C16Gytenis.Borusas.l/Documents/ISE projects/CE1_Borusas/CE1_shell.vhd" 2014/01/14.21:57:38 P.15xf
EN work/CE1_shell 1389761860 \
      FL "C:/Users/C16Gytenis.Borusas.l/Documents/ISE projects/CE1_Borusas/CE1_shell.vhd" \
      PB ieee/std_logic_1164 1335251622
AR work/CE1_shell/Behavioral 1389761861 \
      FL "C:/Users/C16Gytenis.Borusas.l/Documents/ISE projects/CE1_Borusas/CE1_shell.vhd" \
      EN work/CE1_shell 1389761860
